components/SampleDurationPicker.tsx(4,10): error TS2305: Module '"../contexts/CartContext"' has no exported member 'calculateItemPrice'.
